<?xml version="1.0" encoding="UTF-8"?>
<TestRun id="e8065728-9c6a-4046-a9b4-68974c82afe3" name="ABaczyk@ABACZYK 2013-01-29 10:54:17" runUser="DCI\ABaczyk" xmlns="http://microsoft.com/schemas/VisualStudio/TeamTest/2010">
  <TestSettings name="Local" id="77597913-2622-4228-97d5-b11d46f6b770">
    <Description>These are default test settings for a local test run.</Description>
    <Deployment enabled="false" runDeploymentRoot="ABaczyk_ABACZYK 2013-01-29 10_54_17">
      <DeploymentItem filename="C:\Users\abaczyk\documents\visual studio 2010\Projects\DataStructures\LinkedLists\bin\Debug\LinkedLists.exe" />
    </Deployment>
    <Execution>
      <TestTypeSpecific />
      <AgentRule name="Execution Agents">
      </AgentRule>
    </Execution>
  </TestSettings>
  <Times creation="2013-01-29T10:54:17.8111802-05:00" queuing="2013-01-29T10:54:17.8371802-05:00" start="2013-01-29T10:54:17.8421802-05:00" finish="2013-01-29T10:54:18.2121802-05:00" />
  <ResultSummary outcome="Inconclusive">
    <Counters total="5" executed="5" passed="3" error="0" failed="0" timeout="0" aborted="0" inconclusive="2" passedButRunAborted="0" notRunnable="0" notExecuted="0" disconnected="0" warning="0" completed="0" inProgress="0" pending="0" />
  </ResultSummary>
  <TestDefinitions>
    <UnitTest name="SingleLinkedListConstructorTest1" storage="c:\users\abaczyk\documents\visual studio 2010\projects\datastructures\singlelinkedlisttest\bin\debug\singlelinkedlisttest.dll" id="b4806e03-c1fd-80ca-c3e0-dd6108ff14cf">
      <Execution id="d921aeab-61ab-41d1-a71e-4d88606686a8" />
      <TestMethod codeBase="C:/Users/abaczyk/documents/visual studio 2010/Projects/DataStructures/SingleLinkedListTest/bin/Debug/SingleLinkedListTest.DLL" adapterTypeName="Microsoft.VisualStudio.TestTools.TestTypes.Unit.UnitTestAdapter, Microsoft.VisualStudio.QualityTools.Tips.UnitTest.Adapter, Version=10.0.0.0, Culture=neutral, PublicKeyToken=b03f5f7f11d50a3a" className="SingleLinkedListTest.SingleLinkedListTest, SingleLinkedListTest, Version=1.0.0.0, Culture=neutral, PublicKeyToken=null" name="SingleLinkedListConstructorTest1" />
    </UnitTest>
    <UnitTest name="SingleLinkedListConstructorTest" storage="c:\users\abaczyk\documents\visual studio 2010\projects\datastructures\singlelinkedlisttest\bin\debug\singlelinkedlisttest.dll" id="c0ed2b7a-1002-ba1b-d79d-71c3e99ee85c">
      <Execution id="5adbaf4b-c941-4c40-9093-05c178265f89" />
      <TestMethod codeBase="C:/Users/abaczyk/documents/visual studio 2010/Projects/DataStructures/SingleLinkedListTest/bin/Debug/SingleLinkedListTest.DLL" adapterTypeName="Microsoft.VisualStudio.TestTools.TestTypes.Unit.UnitTestAdapter, Microsoft.VisualStudio.QualityTools.Tips.UnitTest.Adapter, Version=10.0.0.0, Culture=neutral, PublicKeyToken=b03f5f7f11d50a3a" className="SingleLinkedListTest.SingleLinkedListTest, SingleLinkedListTest, Version=1.0.0.0, Culture=neutral, PublicKeyToken=null" name="SingleLinkedListConstructorTest" />
    </UnitTest>
    <UnitTest name="RemoveNodeTest" storage="c:\users\abaczyk\documents\visual studio 2010\projects\datastructures\singlelinkedlisttest\bin\debug\singlelinkedlisttest.dll" id="29b0ca97-3cb5-9d24-a8a0-1dc3f000abb4">
      <Execution id="ae530796-5529-49ff-b408-e926ed34d5f2" />
      <TestMethod codeBase="C:/Users/abaczyk/documents/visual studio 2010/Projects/DataStructures/SingleLinkedListTest/bin/Debug/SingleLinkedListTest.DLL" adapterTypeName="Microsoft.VisualStudio.TestTools.TestTypes.Unit.UnitTestAdapter, Microsoft.VisualStudio.QualityTools.Tips.UnitTest.Adapter, Version=10.0.0.0, Culture=neutral, PublicKeyToken=b03f5f7f11d50a3a" className="SingleLinkedListTest.SingleLinkedListTest, SingleLinkedListTest, Version=1.0.0.0, Culture=neutral, PublicKeyToken=null" name="RemoveNodeTest" />
    </UnitTest>
    <UnitTest name="FindNodeTest" storage="c:\users\abaczyk\documents\visual studio 2010\projects\datastructures\singlelinkedlisttest\bin\debug\singlelinkedlisttest.dll" id="fb0fc586-be16-4463-8126-15255a51b0a4">
      <Execution id="7f206fe2-8dd0-4eb2-ac05-7e1b02d0d479" />
      <TestMethod codeBase="C:/Users/abaczyk/documents/visual studio 2010/Projects/DataStructures/SingleLinkedListTest/bin/Debug/SingleLinkedListTest.DLL" adapterTypeName="Microsoft.VisualStudio.TestTools.TestTypes.Unit.UnitTestAdapter, Microsoft.VisualStudio.QualityTools.Tips.UnitTest.Adapter, Version=10.0.0.0, Culture=neutral, PublicKeyToken=b03f5f7f11d50a3a" className="SingleLinkedListTest.SingleLinkedListTest, SingleLinkedListTest, Version=1.0.0.0, Culture=neutral, PublicKeyToken=null" name="FindNodeTest" />
    </UnitTest>
    <UnitTest name="AddNewNodeTest" storage="c:\users\abaczyk\documents\visual studio 2010\projects\datastructures\singlelinkedlisttest\bin\debug\singlelinkedlisttest.dll" id="3c4c63c0-8fc2-7b44-504a-8064f4eabbfe">
      <Execution id="a43ba811-7b72-4aaf-84c2-bbf12c00b957" />
      <TestMethod codeBase="C:/Users/abaczyk/documents/visual studio 2010/Projects/DataStructures/SingleLinkedListTest/bin/Debug/SingleLinkedListTest.DLL" adapterTypeName="Microsoft.VisualStudio.TestTools.TestTypes.Unit.UnitTestAdapter, Microsoft.VisualStudio.QualityTools.Tips.UnitTest.Adapter, Version=10.0.0.0, Culture=neutral, PublicKeyToken=b03f5f7f11d50a3a" className="SingleLinkedListTest.SingleLinkedListTest, SingleLinkedListTest, Version=1.0.0.0, Culture=neutral, PublicKeyToken=null" name="AddNewNodeTest" />
    </UnitTest>
  </TestDefinitions>
  <TestLists>
    <TestList name="Results Not in a List" id="8c84fa94-04c1-424b-9868-57a2d4851a1d" />
    <TestList name="All Loaded Results" id="19431567-8539-422a-85d7-44ee4e166bda" />
  </TestLists>
  <TestEntries>
    <TestEntry testId="29b0ca97-3cb5-9d24-a8a0-1dc3f000abb4" executionId="ae530796-5529-49ff-b408-e926ed34d5f2" testListId="8c84fa94-04c1-424b-9868-57a2d4851a1d" />
    <TestEntry testId="3c4c63c0-8fc2-7b44-504a-8064f4eabbfe" executionId="a43ba811-7b72-4aaf-84c2-bbf12c00b957" testListId="8c84fa94-04c1-424b-9868-57a2d4851a1d" />
    <TestEntry testId="b4806e03-c1fd-80ca-c3e0-dd6108ff14cf" executionId="d921aeab-61ab-41d1-a71e-4d88606686a8" testListId="8c84fa94-04c1-424b-9868-57a2d4851a1d" />
    <TestEntry testId="c0ed2b7a-1002-ba1b-d79d-71c3e99ee85c" executionId="5adbaf4b-c941-4c40-9093-05c178265f89" testListId="8c84fa94-04c1-424b-9868-57a2d4851a1d" />
    <TestEntry testId="fb0fc586-be16-4463-8126-15255a51b0a4" executionId="7f206fe2-8dd0-4eb2-ac05-7e1b02d0d479" testListId="8c84fa94-04c1-424b-9868-57a2d4851a1d" />
  </TestEntries>
  <Results>
    <UnitTestResult executionId="ae530796-5529-49ff-b408-e926ed34d5f2" testId="29b0ca97-3cb5-9d24-a8a0-1dc3f000abb4" testName="RemoveNodeTest" computerName="ABACZYK" duration="00:00:00.0160494" startTime="2013-01-29T10:54:17.9431802-05:00" endTime="2013-01-29T10:54:18.1771802-05:00" testType="13cdc9d9-ddb5-4fa4-a97d-d965ccfc6d4b" outcome="Inconclusive" testListId="8c84fa94-04c1-424b-9868-57a2d4851a1d" relativeResultsDirectory="ae530796-5529-49ff-b408-e926ed34d5f2">
      <Output>
        <ErrorInfo>
          <Message>Assert.Inconclusive failed. A method that does not return a value cannot be verified.</Message>
          <StackTrace>   at SingleLinkedListTest.SingleLinkedListTest.RemoveNodeTest() in C:\Users\abaczyk\documents\visual studio 2010\Projects\DataStructures\SingleLinkedListTest\SingleLinkedListTest.cs:line 126
</StackTrace>
        </ErrorInfo>
      </Output>
    </UnitTestResult>
    <UnitTestResult executionId="a43ba811-7b72-4aaf-84c2-bbf12c00b957" testId="3c4c63c0-8fc2-7b44-504a-8064f4eabbfe" testName="AddNewNodeTest" computerName="ABACZYK" duration="00:00:00.0004041" startTime="2013-01-29T10:54:18.1801802-05:00" endTime="2013-01-29T10:54:18.1831802-05:00" testType="13cdc9d9-ddb5-4fa4-a97d-d965ccfc6d4b" outcome="Passed" testListId="8c84fa94-04c1-424b-9868-57a2d4851a1d" relativeResultsDirectory="a43ba811-7b72-4aaf-84c2-bbf12c00b957">
    </UnitTestResult>
    <UnitTestResult executionId="d921aeab-61ab-41d1-a71e-4d88606686a8" testId="b4806e03-c1fd-80ca-c3e0-dd6108ff14cf" testName="SingleLinkedListConstructorTest1" computerName="ABACZYK" duration="00:00:00.0002155" startTime="2013-01-29T10:54:18.1861802-05:00" endTime="2013-01-29T10:54:18.1881802-05:00" testType="13cdc9d9-ddb5-4fa4-a97d-d965ccfc6d4b" outcome="Passed" testListId="8c84fa94-04c1-424b-9868-57a2d4851a1d" relativeResultsDirectory="d921aeab-61ab-41d1-a71e-4d88606686a8">
    </UnitTestResult>
    <UnitTestResult executionId="5adbaf4b-c941-4c40-9093-05c178265f89" testId="c0ed2b7a-1002-ba1b-d79d-71c3e99ee85c" testName="SingleLinkedListConstructorTest" computerName="ABACZYK" duration="00:00:00.0002745" startTime="2013-01-29T10:54:18.1901802-05:00" endTime="2013-01-29T10:54:18.1931802-05:00" testType="13cdc9d9-ddb5-4fa4-a97d-d965ccfc6d4b" outcome="Passed" testListId="8c84fa94-04c1-424b-9868-57a2d4851a1d" relativeResultsDirectory="5adbaf4b-c941-4c40-9093-05c178265f89">
    </UnitTestResult>
    <UnitTestResult executionId="7f206fe2-8dd0-4eb2-ac05-7e1b02d0d479" testId="fb0fc586-be16-4463-8126-15255a51b0a4" testName="FindNodeTest" computerName="ABACZYK" duration="00:00:00.0006756" startTime="2013-01-29T10:54:18.1951802-05:00" endTime="2013-01-29T10:54:18.1971802-05:00" testType="13cdc9d9-ddb5-4fa4-a97d-d965ccfc6d4b" outcome="Inconclusive" testListId="8c84fa94-04c1-424b-9868-57a2d4851a1d" relativeResultsDirectory="7f206fe2-8dd0-4eb2-ac05-7e1b02d0d479">
      <Output>
        <ErrorInfo>
          <Message>Assert.Inconclusive failed. Verify the correctness of this test method.</Message>
          <StackTrace>   at SingleLinkedListTest.SingleLinkedListTest.FindNodeTest() in C:\Users\abaczyk\documents\visual studio 2010\Projects\DataStructures\SingleLinkedListTest\SingleLinkedListTest.cs:line 114
</StackTrace>
        </ErrorInfo>
      </Output>
    </UnitTestResult>
  </Results>
</TestRun>